// Jest Snapshot v1, https://goo.gl/fbAQLP

exports[`Renders MainPage without crashing 1`] = `ShallowWrapper {}`;
